bmi160.cpp:11:6:void BMI160::regWrite(uint8_t, uint8_t)	16	static
bmi160.cpp:22:9:uint8_t BMI160::regRead(uint8_t)	24	static
bmi160.cpp:35:6:void BMI160::initializeBMI160()	8	static
bmi160.cpp:49:6:bool BMI160::testBMI160()	8	static
bmi160.cpp:55:6:void BMI160::multiReadBMI160(uint8_t, uint8_t*, uint8_t)	32	static
bmi160.cpp:66:6:void BMI160::getReadableDataBMI160(int32_t*)	48	static
bmi160.cpp:106:6:void BMI160::getQuickDataBMI160(uint8_t*)	0	static
bmi160.cpp:112:6:void BMI160::setAccRange(BMI160AccelRange)	0	static
bmi160.cpp:117:6:void BMI160::setGyroRange(BMI160GyroRange)	0	static
bmi160.cpp:122:6:void BMI160::setAccelRate(BMI160AccelRate)	0	static
bmi160.cpp:127:6:void BMI160::setGyroRate(BMI160GyroRate)	0	static
bmi160.cpp:132:6:void BMI160::setLowPassMode(BMI160DLPFMode)	0	static
bmi160.cpp:137:6:bool BMI160::getBit(uint8_t, uint8_t)	8	static
bmi160.cpp:146:6:void BMI160::writeBit(uint8_t, uint8_t, bool)	24	static
